08-13 16:02:17.409  5626  5648 I TestRunner: started: subtotal_tax_total_in_checkout(com.example.lunchtray.OrderFunctionalityTests)
08-13 16:02:17.442  5626  5648 W Settings: Setting always_finish_activities has moved from android.provider.Settings.System to android.provider.Settings.Global, returning read-only value.
08-13 16:02:17.463   524   554 D EventSequenceValidator: Transition from ACTIVITY_FINISHED to INTENT_STARTED
08-13 16:02:17.472   403   403 I perfetto: ing_service_impl.cc:758 Configured tracing session 41, #sources:1, duration:5000 ms, #buffers:1, total buffer size:4096 KB, total sessions:2, uid:1071 session name: ""
08-13 16:02:17.473   401   401 I perfetto: probes_producer.cc:230  Ftrace setup (target_buf=41)
08-13 16:02:17.492   524   554 D EventSequenceValidator: Transition from INTENT_STARTED to ACTIVITY_LAUNCHED
08-13 16:02:17.494   524  1293 W InputReader: Device virtio_input_multi_touch_10 is associated with display ADISPLAY_ID_NONE.
08-13 16:02:17.494   524  1293 W InputReader: Device virtio_input_multi_touch_4 is associated with display ADISPLAY_ID_NONE.
08-13 16:02:17.494   524  1293 W InputReader: Device virtio_input_multi_touch_11 is associated with display ADISPLAY_ID_NONE.
08-13 16:02:17.494   524  1293 W InputReader: Device virtio_input_multi_touch_5 is associated with display ADISPLAY_ID_NONE.
08-13 16:02:17.494   524  1293 W InputReader: Device virtio_input_multi_touch_2 is associated with display ADISPLAY_ID_NONE.
08-13 16:02:17.494   524  1293 W InputReader: Device virtio_input_multi_touch_6 is associated with display ADISPLAY_ID_NONE.
08-13 16:02:17.494   524  1293 W InputReader: Device virtio_input_multi_touch_3 is associated with display ADISPLAY_ID_NONE.
08-13 16:02:17.494   524  1293 W InputReader: Device virtio_input_multi_touch_8 is associated with display ADISPLAY_ID_NONE.
08-13 16:02:17.494   524  1293 W InputReader: Device virtio_input_multi_touch_9 is associated with display ADISPLAY_ID_NONE.
08-13 16:02:17.495   524  1293 W InputReader: Device virtio_input_multi_touch_7 is associated with display ADISPLAY_ID_NONE.
08-13 16:02:17.495   524  1293 W InputReader: Device virtio_input_multi_touch_10 is associated with display ADISPLAY_ID_NONE.
08-13 16:02:17.495   524  1293 W InputReader: Device virtio_input_multi_touch_4 is associated with display ADISPLAY_ID_NONE.
08-13 16:02:17.495   524  1293 W InputReader: Device virtio_input_multi_touch_11 is associated with display ADISPLAY_ID_NONE.
08-13 16:02:17.495   524  1293 W InputReader: Device virtio_input_multi_touch_5 is associated with display ADISPLAY_ID_NONE.
08-13 16:02:17.495   524  1293 W InputReader: Device virtio_input_multi_touch_2 is associated with display ADISPLAY_ID_NONE.
08-13 16:02:17.495   524  1293 W InputReader: Device virtio_input_multi_touch_6 is associated with display ADISPLAY_ID_NONE.
08-13 16:02:17.495   524  1293 W InputReader: Device virtio_input_multi_touch_3 is associated with display ADISPLAY_ID_NONE.
08-13 16:02:17.496   524  1293 W InputReader: Device virtio_input_multi_touch_8 is associated with display ADISPLAY_ID_NONE.
08-13 16:02:17.496   524  1293 W InputReader: Device virtio_input_multi_touch_9 is associated with display ADISPLAY_ID_NONE.
08-13 16:02:17.496   524  1293 W InputReader: Device virtio_input_multi_touch_7 is associated with display ADISPLAY_ID_NONE.
08-13 16:02:17.534  5626  5626 D LifecycleMonitor: Lifecycle status change: androidx.test.core.app.InstrumentationActivityInvoker$BootstrapActivity@7694480 in: PRE_ON_CREATE
08-13 16:02:17.534  5626  5626 V ActivityScenario: Activity lifecycle changed event received but ignored because the intent does not match. startActivityIntent=Intent { act=android.intent.action.MAIN cat=[android.intent.category.LAUNCHER] cmp=com.example.lunchtray/androidx.fragment.app.testing.FragmentScenario$EmptyFragmentActivity (has extras) }, activity.getIntent()=Intent { act=android.intent.action.MAIN cat=[android.intent.category.LAUNCHER] flg=0x10008000 cmp=com.example.lunchtray/androidx.test.core.app.InstrumentationActivityInvoker$BootstrapActivity (has extras) }, activity=androidx.test.core.app.InstrumentationActivityInvoker$BootstrapActivity@7694480
08-13 16:02:17.534  5626  5626 V ActivityScenario: Activity lifecycle changed event received but ignored because the intent does not match. startActivityIntent=Intent { act=android.intent.action.MAIN cat=[android.intent.category.LAUNCHER] cmp=com.example.lunchtray/.MainActivity }, activity.getIntent()=Intent { act=android.intent.action.MAIN cat=[android.intent.category.LAUNCHER] flg=0x10008000 cmp=com.example.lunchtray/androidx.test.core.app.InstrumentationActivityInvoker$BootstrapActivity (has extras) }, activity=androidx.test.core.app.InstrumentationActivityInvoker$BootstrapActivity@7694480
08-13 16:02:17.535  5626  5626 I chatty  : uid=10130(com.example.lunchtray) identical 3 lines
08-13 16:02:17.535  5626  5626 V ActivityScenario: Activity lifecycle changed event received but ignored because the intent does not match. startActivityIntent=Intent { act=android.intent.action.MAIN cat=[android.intent.category.LAUNCHER] cmp=com.example.lunchtray/.MainActivity }, activity.getIntent()=Intent { act=android.intent.action.MAIN cat=[android.intent.category.LAUNCHER] flg=0x10008000 cmp=com.example.lunchtray/androidx.test.core.app.InstrumentationActivityInvoker$BootstrapActivity (has extras) }, activity=androidx.test.core.app.InstrumentationActivityInvoker$BootstrapActivity@7694480
08-13 16:02:17.547   311   351 D goldfish-address-space: claimShared: Ask to claim region [0x3f5cec000 0x3f6690000]
08-13 16:02:17.553  5626  5626 D LifecycleMonitor: Lifecycle status change: androidx.test.core.app.InstrumentationActivityInvoker$BootstrapActivity@7694480 in: CREATED
08-13 16:02:17.554  5626  5626 V ActivityScenario: Activity lifecycle changed event received but ignored because the intent does not match. startActivityIntent=Intent { act=android.intent.action.MAIN cat=[android.intent.category.LAUNCHER] cmp=com.example.lunchtray/androidx.fragment.app.testing.FragmentScenario$EmptyFragmentActivity (has extras) }, activity.getIntent()=Intent { act=android.intent.action.MAIN cat=[android.intent.category.LAUNCHER] flg=0x10008000 cmp=com.example.lunchtray/androidx.test.core.app.InstrumentationActivityInvoker$BootstrapActivity (has extras) }, activity=androidx.test.core.app.InstrumentationActivityInvoker$BootstrapActivity@7694480
08-13 16:02:17.554  5626  5626 V ActivityScenario: Activity lifecycle changed event received but ignored because the intent does not match. startActivityIntent=Intent { act=android.intent.action.MAIN cat=[android.intent.category.LAUNCHER] cmp=com.example.lunchtray/.MainActivity }, activity.getIntent()=Intent { act=android.intent.action.MAIN cat=[android.intent.category.LAUNCHER] flg=0x10008000 cmp=com.example.lunchtray/androidx.test.core.app.InstrumentationActivityInvoker$BootstrapActivity (has extras) }, activity=androidx.test.core.app.InstrumentationActivityInvoker$BootstrapActivity@7694480
08-13 16:02:17.554  5626  5626 I chatty  : uid=10130(com.example.lunchtray) identical 3 lines
08-13 16:02:17.555  5626  5626 V ActivityScenario: Activity lifecycle changed event received but ignored because the intent does not match. startActivityIntent=Intent { act=android.intent.action.MAIN cat=[android.intent.category.LAUNCHER] cmp=com.example.lunchtray/.MainActivity }, activity.getIntent()=Intent { act=android.intent.action.MAIN cat=[android.intent.category.LAUNCHER] flg=0x10008000 cmp=com.example.lunchtray/androidx.test.core.app.InstrumentationActivityInvoker$BootstrapActivity (has extras) }, activity=androidx.test.core.app.InstrumentationActivityInvoker$BootstrapActivity@7694480
08-13 16:02:17.557  5626  5626 D LifecycleMonitor: Lifecycle status change: androidx.test.core.app.InstrumentationActivityInvoker$BootstrapActivity@7694480 in: STARTED
08-13 16:02:17.558  5626  5626 V ActivityScenario: Activity lifecycle changed event received but ignored because the intent does not match. startActivityIntent=Intent { act=android.intent.action.MAIN cat=[android.intent.category.LAUNCHER] cmp=com.example.lunchtray/androidx.fragment.app.testing.FragmentScenario$EmptyFragmentActivity (has extras) }, activity.getIntent()=Intent { act=android.intent.action.MAIN cat=[android.intent.category.LAUNCHER] flg=0x10008000 cmp=com.example.lunchtray/androidx.test.core.app.InstrumentationActivityInvoker$BootstrapActivity (has extras) }, activity=androidx.test.core.app.InstrumentationActivityInvoker$BootstrapActivity@7694480
08-13 16:02:17.558  5626  5626 V ActivityScenario: Activity lifecycle changed event received but ignored because the intent does not match. startActivityIntent=Intent { act=android.intent.action.MAIN cat=[android.intent.category.LAUNCHER] cmp=com.example.lunchtray/.MainActivity }, activity.getIntent()=Intent { act=android.intent.action.MAIN cat=[android.intent.category.LAUNCHER] flg=0x10008000 cmp=com.example.lunchtray/androidx.test.core.app.InstrumentationActivityInvoker$BootstrapActivity (has extras) }, activity=androidx.test.core.app.InstrumentationActivityInvoker$BootstrapActivity@7694480
08-13 16:02:17.558  5626  5626 I chatty  : uid=10130(com.example.lunchtray) identical 3 lines
08-13 16:02:17.562  5626  5626 V ActivityScenario: Activity lifecycle changed event received but ignored because the intent does not match. startActivityIntent=Intent { act=android.intent.action.MAIN cat=[android.intent.category.LAUNCHER] cmp=com.example.lunchtray/.MainActivity }, activity.getIntent()=Intent { act=android.intent.action.MAIN cat=[android.intent.category.LAUNCHER] flg=0x10008000 cmp=com.example.lunchtray/androidx.test.core.app.InstrumentationActivityInvoker$BootstrapActivity (has extras) }, activity=androidx.test.core.app.InstrumentationActivityInvoker$BootstrapActivity@7694480
08-13 16:02:17.580  5626  5626 D LifecycleMonitor: Lifecycle status change: androidx.test.core.app.InstrumentationActivityInvoker$BootstrapActivity@7694480 in: RESUMED
08-13 16:02:17.580  5626  5626 V ActivityScenario: Activity lifecycle changed event received but ignored because the intent does not match. startActivityIntent=Intent { act=android.intent.action.MAIN cat=[android.intent.category.LAUNCHER] cmp=com.example.lunchtray/androidx.fragment.app.testing.FragmentScenario$EmptyFragmentActivity (has extras) }, activity.getIntent()=Intent { act=android.intent.action.MAIN cat=[android.intent.category.LAUNCHER] flg=0x10008000 cmp=com.example.lunchtray/androidx.test.core.app.InstrumentationActivityInvoker$BootstrapActivity (has extras) }, activity=androidx.test.core.app.InstrumentationActivityInvoker$BootstrapActivity@7694480
08-13 16:02:17.581  5626  5626 V ActivityScenario: Activity lifecycle changed event received but ignored because the intent does not match. startActivityIntent=Intent { act=android.intent.action.MAIN cat=[android.intent.category.LAUNCHER] cmp=com.example.lunchtray/.MainActivity }, activity.getIntent()=Intent { act=android.intent.action.MAIN cat=[android.intent.category.LAUNCHER] flg=0x10008000 cmp=com.example.lunchtray/androidx.test.core.app.InstrumentationActivityInvoker$BootstrapActivity (has extras) }, activity=androidx.test.core.app.InstrumentationActivityInvoker$BootstrapActivity@7694480
08-13 16:02:17.581  5626  5626 I chatty  : uid=10130(com.example.lunchtray) identical 3 lines
08-13 16:02:17.583  5626  5626 V ActivityScenario: Activity lifecycle changed event received but ignored because the intent does not match. startActivityIntent=Intent { act=android.intent.action.MAIN cat=[android.intent.category.LAUNCHER] cmp=com.example.lunchtray/.MainActivity }, activity.getIntent()=Intent { act=android.intent.action.MAIN cat=[android.intent.category.LAUNCHER] flg=0x10008000 cmp=com.example.lunchtray/androidx.test.core.app.InstrumentationActivityInvoker$BootstrapActivity (has extras) }, activity=androidx.test.core.app.InstrumentationActivityInvoker$BootstrapActivity@7694480
08-13 16:02:17.596  5626  5626 D LifecycleMonitor: Lifecycle status change: androidx.test.core.app.InstrumentationActivityInvoker$BootstrapActivity@7694480 in: PAUSED
08-13 16:02:17.597  5626  5626 V ActivityScenario: Activity lifecycle changed event received but ignored because the intent does not match. startActivityIntent=Intent { act=android.intent.action.MAIN cat=[android.intent.category.LAUNCHER] cmp=com.example.lunchtray/androidx.fragment.app.testing.FragmentScenario$EmptyFragmentActivity (has extras) }, activity.getIntent()=Intent { act=android.intent.action.MAIN cat=[android.intent.category.LAUNCHER] flg=0x10008000 cmp=com.example.lunchtray/androidx.test.core.app.InstrumentationActivityInvoker$BootstrapActivity (has extras) }, activity=androidx.test.core.app.InstrumentationActivityInvoker$BootstrapActivity@7694480
08-13 16:02:17.597  5626  5626 V ActivityScenario: Activity lifecycle changed event received but ignored because the intent does not match. startActivityIntent=Intent { act=android.intent.action.MAIN cat=[android.intent.category.LAUNCHER] cmp=com.example.lunchtray/.MainActivity }, activity.getIntent()=Intent { act=android.intent.action.MAIN cat=[android.intent.category.LAUNCHER] flg=0x10008000 cmp=com.example.lunchtray/androidx.test.core.app.InstrumentationActivityInvoker$BootstrapActivity (has extras) }, activity=androidx.test.core.app.InstrumentationActivityInvoker$BootstrapActivity@7694480
08-13 16:02:17.597  5626  5626 I chatty  : uid=10130(com.example.lunchtray) identical 3 lines
08-13 16:02:17.597  5626  5626 V ActivityScenario: Activity lifecycle changed event received but ignored because the intent does not match. startActivityIntent=Intent { act=android.intent.action.MAIN cat=[android.intent.category.LAUNCHER] cmp=com.example.lunchtray/.MainActivity }, activity.getIntent()=Intent { act=android.intent.action.MAIN cat=[android.intent.category.LAUNCHER] flg=0x10008000 cmp=com.example.lunchtray/androidx.test.core.app.InstrumentationActivityInvoker$BootstrapActivity (has extras) }, activity=androidx.test.core.app.InstrumentationActivityInvoker$BootstrapActivity@7694480
08-13 16:02:17.599   524  1293 W InputReader: Device virtio_input_multi_touch_10 is associated with display ADISPLAY_ID_NONE.
08-13 16:02:17.599   524  1293 W InputReader: Device virtio_input_multi_touch_4 is associated with display ADISPLAY_ID_NONE.
08-13 16:02:17.599   524  1293 W InputReader: Device virtio_input_multi_touch_11 is associated with display ADISPLAY_ID_NONE.
08-13 16:02:17.599   524  1293 W InputReader: Device virtio_input_multi_touch_5 is associated with display ADISPLAY_ID_NONE.
08-13 16:02:17.599   524  1293 W InputReader: Device virtio_input_multi_touch_2 is associated with display ADISPLAY_ID_NONE.
08-13 16:02:17.599   524  1293 W InputReader: Device virtio_input_multi_touch_6 is associated with display ADISPLAY_ID_NONE.
08-13 16:02:17.599   524  1293 W InputReader: Device virtio_input_multi_touch_3 is associated with display ADISPLAY_ID_NONE.
08-13 16:02:17.599   524  1293 W InputReader: Device virtio_input_multi_touch_8 is associated with display ADISPLAY_ID_NONE.
08-13 16:02:17.599   524  1293 W InputReader: Device virtio_input_multi_touch_9 is associated with display ADISPLAY_ID_NONE.
08-13 16:02:17.599   524  1293 W InputReader: Device virtio_input_multi_touch_7 is associated with display ADISPLAY_ID_NONE.
08-13 16:02:17.599   524  1293 W InputReader: Device virtio_input_multi_touch_10 is associated with display ADISPLAY_ID_NONE.
08-13 16:02:17.599   524  1293 W InputReader: Device virtio_input_multi_touch_4 is associated with display ADISPLAY_ID_NONE.
08-13 16:02:17.599   524  1293 W InputReader: Device virtio_input_multi_touch_11 is associated with display ADISPLAY_ID_NONE.
08-13 16:02:17.599   524  1293 W InputReader: Device virtio_input_multi_touch_5 is associated with display ADISPLAY_ID_NONE.
08-13 16:02:17.599   524  1293 W InputReader: Device virtio_input_multi_touch_2 is associated with display ADISPLAY_ID_NONE.
08-13 16:02:17.599   524  1293 W InputReader: Device virtio_input_multi_touch_6 is associated with display ADISPLAY_ID_NONE.
08-13 16:02:17.599   524  1293 W InputReader: Device virtio_input_multi_touch_3 is associated with display ADISPLAY_ID_NONE.
08-13 16:02:17.599   524  1293 W InputReader: Device virtio_input_multi_touch_8 is associated with display ADISPLAY_ID_NONE.
08-13 16:02:17.599   524  1293 W InputReader: Device virtio_input_multi_touch_9 is associated with display ADISPLAY_ID_NONE.
08-13 16:02:17.600   524  1293 W InputReader: Device virtio_input_multi_touch_7 is associated with display ADISPLAY_ID_NONE.
08-13 16:02:17.617  5626  5626 D LifecycleMonitor: Lifecycle status change: com.example.lunchtray.MainActivity@bca3d0a in: PRE_ON_CREATE
08-13 16:02:17.619  5626  5626 V ActivityScenario: Activity lifecycle changed event received but ignored because the intent does not match. startActivityIntent=Intent { act=android.intent.action.MAIN cat=[android.intent.category.LAUNCHER] cmp=com.example.lunchtray/androidx.fragment.app.testing.FragmentScenario$EmptyFragmentActivity (has extras) }, activity.getIntent()=Intent { act=android.intent.action.MAIN cat=[android.intent.category.LAUNCHER] cmp=com.example.lunchtray/.MainActivity }, activity=com.example.lunchtray.MainActivity@bca3d0a
08-13 16:02:17.619  5626  5626 V ActivityScenario: Activity lifecycle changed event received but ignored because the reported transition was not ON_CREATE while the last known transition was DESTROYED
08-13 16:02:17.619  5626  5626 I chatty  : uid=10130(com.example.lunchtray) identical 2 lines
08-13 16:02:17.619  5626  5626 V ActivityScenario: Activity lifecycle changed event received but ignored because the reported transition was not ON_CREATE while the last known transition was DESTROYED
08-13 16:02:17.619  5626  5626 V ActivityScenario: Activity lifecycle changed event received but ignored because the reported transition was not ON_CREATE while the last known transition was PRE_ON_CREATE
08-13 16:02:17.690  5626  5626 D LifecycleMonitor: Lifecycle status change: com.example.lunchtray.MainActivity@bca3d0a in: CREATED
08-13 16:02:17.691  5626  5626 V ActivityScenario: Activity lifecycle changed event received but ignored because the intent does not match. startActivityIntent=Intent { act=android.intent.action.MAIN cat=[android.intent.category.LAUNCHER] cmp=com.example.lunchtray/androidx.fragment.app.testing.FragmentScenario$EmptyFragmentActivity (has extras) }, activity.getIntent()=Intent { act=android.intent.action.MAIN cat=[android.intent.category.LAUNCHER] cmp=com.example.lunchtray/.MainActivity }, activity=com.example.lunchtray.MainActivity@bca3d0a
08-13 16:02:17.691  5626  5626 V ActivityScenario: Update currentActivityStage to CREATED, currentActivity=com.example.lunchtray.MainActivity@bca3d0a
08-13 16:02:17.692  5626  5626 I chatty  : uid=10130(com.example.lunchtray) identical 3 lines
08-13 16:02:17.692  5626  5626 V ActivityScenario: Update currentActivityStage to CREATED, currentActivity=com.example.lunchtray.MainActivity@bca3d0a
08-13 16:02:17.722  5626  5626 D LifecycleMonitor: Lifecycle status change: com.example.lunchtray.MainActivity@bca3d0a in: STARTED
08-13 16:02:17.722  5626  5626 V ActivityScenario: Activity lifecycle changed event received but ignored because the intent does not match. startActivityIntent=Intent { act=android.intent.action.MAIN cat=[android.intent.category.LAUNCHER] cmp=com.example.lunchtray/androidx.fragment.app.testing.FragmentScenario$EmptyFragmentActivity (has extras) }, activity.getIntent()=Intent { act=android.intent.action.MAIN cat=[android.intent.category.LAUNCHER] cmp=com.example.lunchtray/.MainActivity }, activity=com.example.lunchtray.MainActivity@bca3d0a
08-13 16:02:17.722  5626  5626 V ActivityScenario: Update currentActivityStage to STARTED, currentActivity=com.example.lunchtray.MainActivity@bca3d0a
08-13 16:02:17.723  5626  5626 I chatty  : uid=10130(com.example.lunchtray) identical 3 lines
08-13 16:02:17.723  5626  5626 V ActivityScenario: Update currentActivityStage to STARTED, currentActivity=com.example.lunchtray.MainActivity@bca3d0a
08-13 16:02:17.725  5626  5626 D LifecycleMonitor: Lifecycle status change: com.example.lunchtray.MainActivity@bca3d0a in: RESUMED
08-13 16:02:17.725  5626  5626 V ActivityScenario: Activity lifecycle changed event received but ignored because the intent does not match. startActivityIntent=Intent { act=android.intent.action.MAIN cat=[android.intent.category.LAUNCHER] cmp=com.example.lunchtray/androidx.fragment.app.testing.FragmentScenario$EmptyFragmentActivity (has extras) }, activity.getIntent()=Intent { act=android.intent.action.MAIN cat=[android.intent.category.LAUNCHER] cmp=com.example.lunchtray/.MainActivity }, activity=com.example.lunchtray.MainActivity@bca3d0a
08-13 16:02:17.725  5626  5626 V ActivityScenario: Update currentActivityStage to RESUMED, currentActivity=com.example.lunchtray.MainActivity@bca3d0a
08-13 16:02:17.725  5626  5626 I chatty  : uid=10130(com.example.lunchtray) identical 3 lines
08-13 16:02:17.725  5626  5626 V ActivityScenario: Update currentActivityStage to RESUMED, currentActivity=com.example.lunchtray.MainActivity@bca3d0a
08-13 16:02:17.762   311   351 D goldfish-address-space: claimShared: Ask to claim region [0x3f8000000 0x3f89a4000]
08-13 16:02:17.824   311   311 D goldfish-address-space: claimShared: Ask to claim region [0x3faec5000 0x3fb869000]
08-13 16:02:17.864   311   351 D goldfish-address-space: claimShared: Ask to claim region [0x3f49a4000 0x3f5348000]
08-13 16:02:17.888   311   351 D goldfish-address-space: claimShared: Ask to claim region [0x3f89a4000 0x3f9348000]
08-13 16:02:18.008  5626  5626 D RootViewPicker: Root not ready - waiting: 10ms for one to appear.
08-13 16:02:18.021  5626  5626 D LifecycleMonitor: Lifecycle status change: androidx.test.core.app.InstrumentationActivityInvoker$BootstrapActivity@7694480 in: STOPPED
08-13 16:02:18.021  5626  5626 V ActivityScenario: Activity lifecycle changed event received but ignored because the intent does not match. startActivityIntent=Intent { act=android.intent.action.MAIN cat=[android.intent.category.LAUNCHER] cmp=com.example.lunchtray/androidx.fragment.app.testing.FragmentScenario$EmptyFragmentActivity (has extras) }, activity.getIntent()=Intent { act=android.intent.action.MAIN cat=[android.intent.category.LAUNCHER] flg=0x10008000 cmp=com.example.lunchtray/androidx.test.core.app.InstrumentationActivityInvoker$BootstrapActivity (has extras) }, activity=androidx.test.core.app.InstrumentationActivityInvoker$BootstrapActivity@7694480
08-13 16:02:18.021  5626  5626 V ActivityScenario: Activity lifecycle changed event received but ignored because the intent does not match. startActivityIntent=Intent { act=android.intent.action.MAIN cat=[android.intent.category.LAUNCHER] cmp=com.example.lunchtray/.MainActivity }, activity.getIntent()=Intent { act=android.intent.action.MAIN cat=[android.intent.category.LAUNCHER] flg=0x10008000 cmp=com.example.lunchtray/androidx.test.core.app.InstrumentationActivityInvoker$BootstrapActivity (has extras) }, activity=androidx.test.core.app.InstrumentationActivityInvoker$BootstrapActivity@7694480
08-13 16:02:18.022  5626  5626 I chatty  : uid=10130(com.example.lunchtray) identical 3 lines
08-13 16:02:18.022  5626  5626 V ActivityScenario: Activity lifecycle changed event received but ignored because the intent does not match. startActivityIntent=Intent { act=android.intent.action.MAIN cat=[android.intent.category.LAUNCHER] cmp=com.example.lunchtray/.MainActivity }, activity.getIntent()=Intent { act=android.intent.action.MAIN cat=[android.intent.category.LAUNCHER] flg=0x10008000 cmp=com.example.lunchtray/androidx.test.core.app.InstrumentationActivityInvoker$BootstrapActivity (has extras) }, activity=androidx.test.core.app.InstrumentationActivityInvoker$BootstrapActivity@7694480
08-13 16:02:18.031  5626  5626 D RootViewPicker: Root not ready - waiting: 25ms for one to appear.
08-13 16:02:18.057  5626  5626 D RootViewPicker: Root not ready - waiting: 50ms for one to appear.
08-13 16:02:18.107  5626  5626 D RootViewPicker: Root not ready - waiting: 100ms for one to appear.
08-13 16:02:18.164   524   554 D EventSequenceValidator: Transition from ACTIVITY_LAUNCHED to ACTIVITY_FINISHED
08-13 16:02:18.202   524   559 D ArtManagerInternalImpl: /data/misc/iorapd/com.example.lunchtray/1/com.example.lunchtray.MainActivity/compiled_traces/compiled_trace.pb doesn't exist
08-13 16:02:18.225   524   559 I ActivityTaskManager: Displayed com.example.lunchtray/.MainActivity: +694ms
08-13 16:02:18.230  5626  5626 I ViewInteraction: Performing 'single click' action on view view.getId() is <2131231208/com.example.lunchtray:id/start_order_btn>
08-13 16:02:18.448   524   829 I system_server: oneway function results will be dropped but finished with status OK and parcel size 4
08-13 16:02:18.516   386   463 D AudioFlinger: mixer(0xeea25030) throttle end: throttle time(7)
08-13 16:02:18.577   524   829 I system_server: oneway function results will be dropped but finished with status OK and parcel size 4
08-13 16:02:18.775  5626  5626 I ViewInteraction: Performing 'single click' action on view view.getId() is <2131230844/com.example.lunchtray:id/cauliflower>
08-13 16:02:18.850   524  1293 I system_server: oneway function results will be dropped but finished with status OK and parcel size 4
08-13 16:02:18.916   401   401 I perfetto: probes_producer.cc:329  Producer stop (id=40)
08-13 16:02:18.927   403   403 I perfetto: ng_service_impl.cc:1948 Tracing session 40 ended, total sessions:1
08-13 16:02:19.008   524  1293 I system_server: oneway function results will be dropped but finished with status OK and parcel size 4
08-13 16:02:19.117  5626  5626 I ViewInteraction: Performing 'single click' action on view view.getId() is <2131231081/com.example.lunchtray:id/next_button>
08-13 16:02:19.183   524   829 I system_server: oneway function results will be dropped but finished with status OK and parcel size 4
08-13 16:02:19.352   524  1293 I system_server: oneway function results will be dropped but finished with status OK and parcel size 4
08-13 16:02:19.632  5626  5626 I ViewInteraction: Performing 'single click' action on view view.getId() is <2131231138/com.example.lunchtray:id/salad>
08-13 16:02:19.698   524  1293 I system_server: oneway function results will be dropped but finished with status OK and parcel size 4
08-13 16:02:19.827   524   829 I system_server: oneway function results will be dropped but finished with status OK and parcel size 4
08-13 16:02:19.945  5626  5626 I ViewInteraction: Performing 'single click' action on view view.getId() is <2131231081/com.example.lunchtray:id/next_button>
08-13 16:02:20.022   524   829 I system_server: oneway function results will be dropped but finished with status OK and parcel size 4
08-13 16:02:20.158   524  1293 I system_server: oneway function results will be dropped but finished with status OK and parcel size 4
08-13 16:02:20.449  5626  5626 I ViewInteraction: Performing 'single click' action on view view.getId() is <2131230835/com.example.lunchtray:id/bread>
08-13 16:02:20.519   524  1293 I system_server: oneway function results will be dropped but finished with status OK and parcel size 4
08-13 16:02:20.579   524  1293 I system_server: oneway function results will be dropped but finished with status OK and parcel size 4
08-13 16:02:20.760  5626  5626 I ViewInteraction: Performing 'single click' action on view view.getId() is <2131231081/com.example.lunchtray:id/next_button>
08-13 16:02:20.833   524  1293 I system_server: oneway function results will be dropped but finished with status OK and parcel size 4
08-13 16:02:20.839   386   463 D AudioFlinger: mixer(0xeea25030) throttle end: throttle time(40)
08-13 16:02:20.951   524  1293 I system_server: oneway function results will be dropped but finished with status OK and parcel size 4
08-13 16:02:21.136  5626  5626 I ViewInteraction: Checking 'MatchesViewAssertion{viewMatcher=an instance of android.widget.TextView and view.getText() with or without transformation to match: a string containing "Subtotal: $10.00"}' assertion on view view.getId() is <2131231217/com.example.lunchtray:id/subtotal>
08-13 16:02:21.159  5626  5648 E TestRunner: failed: subtotal_tax_total_in_checkout(com.example.lunchtray.OrderFunctionalityTests)
08-13 16:02:21.159  5626  5648 E TestRunner: ----- begin exception -----
08-13 16:02:21.179  5626  5648 E TestRunner: androidx.test.espresso.base.DefaultFailureHandler$AssertionFailedWithCauseError: 'an instance of android.widget.TextView and view.getText() with or without transformation to match: a string containing "Subtotal: $10.00"' doesn't match the selected view.
08-13 16:02:21.179  5626  5648 E TestRunner: Expected: an instance of android.widget.TextView and view.getText() with or without transformation to match: a string containing "Subtotal: $10.00"
08-13 16:02:21.179  5626  5648 E TestRunner:      Got: view.getText() was "$10.00" transformed text was "$10.00"
08-13 16:02:21.179  5626  5648 E TestRunner: View Details: MaterialTextView{id=2131231217, res-name=subtotal, visibility=VISIBLE, width=156, height=67, has-focus=false, has-focusable=false, has-window-focus=true, is-clickable=false, is-enabled=true, is-focused=false, is-focusable=false, is-layout-requested=false, is-selected=false, layout-params=androidx.constraintlayout.widget.ConstraintLayout$LayoutParams@71f71d4, tag=null, root-is-layout-requested=false, has-input-connection=false, x=880.0, y=382.0, text=$10.00, input-type=0, ime-target=false, has-links=false}
08-13 16:02:21.179  5626  5648 E TestRunner:
08-13 16:02:21.179  5626  5648 E TestRunner: 	at dalvik.system.VMStack.getThreadStackTrace(Native Method)
08-13 16:02:21.179  5626  5648 E TestRunner: 	at java.lang.Thread.getStackTrace(Thread.java:1736)
08-13 16:02:21.179  5626  5648 E TestRunner: 	at androidx.test.espresso.base.DefaultFailureHandler.getUserFriendlyError(DefaultFailureHandler.java:12)
08-13 16:02:21.179  5626  5648 E TestRunner: 	at androidx.test.espresso.base.DefaultFailureHandler.handle(DefaultFailureHandler.java:7)
08-13 16:02:21.179  5626  5648 E TestRunner: 	at androidx.test.espresso.ViewInteraction.waitForAndHandleInteractionResults(ViewInteraction.java:5)
08-13 16:02:21.179  5626  5648 E TestRunner: 	at androidx.test.espresso.ViewInteraction.check(ViewInteraction.java:12)
08-13 16:02:21.179  5626  5648 E TestRunner: 	at com.example.lunchtray.OrderFunctionalityTests.subtotal_tax_total_in_checkout(OrderFunctionalityTests.kt:173)
08-13 16:02:21.179  5626  5648 E TestRunner: 	at java.lang.reflect.Method.invoke(Native Method)
08-13 16:02:21.179  5626  5648 E TestRunner: 	at org.junit.runners.model.FrameworkMethod$1.runReflectiveCall(FrameworkMethod.java:50)
08-13 16:02:21.179  5626  5648 E TestRunner: 	at org.junit.internal.runners.model.ReflectiveCallable.run(ReflectiveCallable.java:12)
08-13 16:02:21.179  5626  5648 E TestRunner: 	at org.junit.runners.model.FrameworkMethod.invokeExplosively(FrameworkMethod.java:47)
08-13 16:02:21.179  5626  5648 E TestRunner: 	at org.junit.internal.runners.statements.InvokeMethod.evaluate(InvokeMethod.java:17)
08-13 16:02:21.179  5626  5648 E TestRunner: 	at org.junit.runners.ParentRunner.runLeaf(ParentRunner.java:325)
08-13 16:02:21.179  5626  5648 E TestRunner: 	at org.junit.runners.BlockJUnit4ClassRunner.runChild(BlockJUnit4ClassRunner.java:78)
08-13 16:02:21.179  5626  5648 E TestRunner: 	at org.junit.runners.BlockJUnit4ClassRunner.runChild(BlockJUnit4ClassRunner.java:57)
08-13 16:02:21.179  5626  5648 E TestRunner: 	at org.junit.runners.ParentRunner$3.run(ParentRunner.java:290)
08-13 16:02:21.179  5626  5648 E TestRunner: 	at org.junit.runners.ParentRunner$1.schedule(ParentRunner.java:71)
08-13 16:02:21.179  5626  5648 E TestRunner: 	at org.junit.runners.ParentRunner.runChildren(ParentRunner.java:288)
08-13 16:02:21.179  5626  5648 E TestRunner: 	at org.junit.runners.ParentRunner.access$000(ParentRunner.java:58)
08-13 16:02:21.179  5626  5648 E TestRunner: 	at org.junit.runners.ParentRunner$2.evaluate(ParentRunner.java:268)
08-13 16:02:21.179  5626  5648 E TestRunner: 	at org.junit.runners.ParentRunner.run(ParentRunner.java:363)
08-13 16:02:21.179  5626  5648 E TestRunner: 	at androidx.test.ext.junit.runners.AndroidJUnit4.run(AndroidJUnit4.java:162)
08-13 16:02:21.179  5626  5648 E TestRunner: 	at org.junit.runners.Suite.runChild(Suite.java:128)
08-13 16:02:21.179  5626  5648 E TestRunner: 	at org.junit.runners.Suite.runChild(Suite.java:27)
08-13 16:02:21.179  5626  5648 E TestRunner: 	at org.junit.runners.ParentRunner$3.run(ParentRunner.java:290)
08-13 16:02:21.179  5626  5648 E TestRunner: 	at org.junit.runners.ParentRunner$1.schedule(ParentRunner.java:71)
08-13 16:02:21.179  5626  5648 E TestRunner: 	at org.junit.runners.ParentRunner.runChildren(ParentRunner.java:288)
08-13 16:02:21.179  5626  5648 E TestRunner: 	at org.junit.runners.ParentRunner.access$000(ParentRunner.java:58)
08-13 16:02:21.179  5626  5648 E TestRunner: 	at org.junit.runners.ParentRunner$2.evaluate(ParentRunner.java:268)
08-13 16:02:21.179  5626  5648 E TestRunner: 	at org.junit.runners.ParentRunner.run(ParentRunner.java:363)
08-13 16:02:21.179  5626  5648 E TestRunner: 	at org.junit.runner.JUnitCore.run(JUnitCore.java:137)
08-13 16:02:21.179  5626  5648 E TestRunner: 	at org.junit.runner.JUnitCore.run(JUnitCore.java:115)
08-13 16:02:21.179  5626  5648 E TestRunner: 	at androidx.test.internal.runner.TestExecutor.execute(TestExecutor.java:56)
08-13 16:02:21.179  5626  5648 E TestRunner: 	at androidx.test.runner.AndroidJUnitRunner.onStart(AndroidJUnitRunner.java:444)
08-13 16:02:21.179  5626  5648 E TestRunner: 	at android.app.Instrumentation$InstrumentationThread.run(Instrumentation.java:2205)
08-13 16:02:21.179  5626  5648 E TestRunner: Caused by: junit.framework.AssertionFailedError: 'an instance of android.widget.TextView and view.getText() with or without transformation to match: a string containing "Subtotal: $10.00"' doesn't match the selected view.
08-13 16:02:21.179  5626  5648 E TestRunner: Expected: an instance of android.widget.TextView and view.getText() with or without transformation to match: a string containing "Subtotal: $10.00"
08-13 16:02:21.179  5626  5648 E TestRunner:      Got: view.getText() was "$10.00" transformed text was "$10.00"
08-13 16:02:21.179  5626  5648 E TestRunner: View Details: MaterialTextView{id=2131231217, res-name=subtotal, visibility=VISIBLE, width=156, height=67, has-focus=false, has-focusable=false, has-window-focus=true, is-clickable=false, is-enabled=true, is-focused=false, is-focusable=false, is-layout-requested=false, is-selected=false, layout-params=androidx.constraintlayout.widget.ConstraintLayout$LayoutParams@71f71d4, tag=null, root-is-layout-requested=false, has-input-connection=false, x=880.0, y=382.0, text=$10.00, input-type=0, ime-target=false, has-links=false}
08-13 16:02:21.179  5626  5648 E TestRunner:
08-13 16:02:21.179  5626  5648 E TestRunner: 	at androidx.test.espresso.matcher.ViewMatchers.assertThat(ViewMatchers.java:16)
08-13 16:02:21.179  5626  5648 E TestRunner: 	at androidx.test.espresso.assertion.ViewAssertions$MatchesViewAssertion.check(ViewAssertions.java:11)
08-13 16:02:21.179  5626  5648 E TestRunner: 	at androidx.test.espresso.ViewInteraction$SingleExecutionViewAssertion.check(ViewInteraction.java:2)
08-13 16:02:21.179  5626  5648 E TestRunner: 	at androidx.test.espresso.ViewInteraction$2.call(ViewInteraction.java:12)
08-13 16:02:21.179  5626  5648 E TestRunner: 	at androidx.test.espresso.ViewInteraction$2.call(ViewInteraction.java:1)
08-13 16:02:21.179  5626  5648 E TestRunner: 	at java.util.concurrent.FutureTask.run(FutureTask.java:266)
08-13 16:02:21.179  5626  5648 E TestRunner: 	at android.os.Handler.handleCallback(Handler.java:938)
08-13 16:02:21.179  5626  5648 E TestRunner: 	at android.os.Handler.dispatchMessage(Handler.java:99)
08-13 16:02:21.179  5626  5648 E TestRunner: 	at android.os.Looper.loop(Looper.java:223)
08-13 16:02:21.179  5626  5648 E TestRunner: 	at android.app.ActivityThread.main(ActivityThread.java:7656)
08-13 16:02:21.179  5626  5648 E TestRunner: 	at java.lang.reflect.Method.invoke(Native Method)
08-13 16:02:21.179  5626  5648 E TestRunner: 	at com.android.internal.os.RuntimeInit$MethodAndArgsCaller.run(RuntimeInit.java:592)
08-13 16:02:21.179  5626  5648 E TestRunner: 	at com.android.internal.os.ZygoteInit.main(ZygoteInit.java:947)
08-13 16:02:21.179  5626  5648 E TestRunner: ----- end exception -----
08-13 16:02:21.188  5626  5648 I TestRunner: finished: subtotal_tax_total_in_checkout(com.example.lunchtray.OrderFunctionalityTests)
