08-13 16:02:05.282  5626  5648 I TestRunner: started: subtotal_updates_in_full_order_flow(com.example.lunchtray.OrderFunctionalityTests)
08-13 16:02:05.283  5626  5626 D LifecycleMonitor: Lifecycle status change: com.example.lunchtray.MainActivity@c9e1c9f in: DESTROYED
08-13 16:02:05.284  5626  5626 V ActivityScenario: Activity lifecycle changed event received but ignored because the intent does not match. startActivityIntent=Intent { act=android.intent.action.MAIN cat=[android.intent.category.LAUNCHER] cmp=com.example.lunchtray/androidx.fragment.app.testing.FragmentScenario$EmptyFragmentActivity (has extras) }, activity.getIntent()=Intent { act=android.intent.action.MAIN cat=[android.intent.category.LAUNCHER] cmp=com.example.lunchtray/.MainActivity }, activity=com.example.lunchtray.MainActivity@c9e1c9f
08-13 16:02:05.284  5626  5626 V ActivityScenario: Update currentActivityStage to DESTROYED, currentActivity=null
08-13 16:02:05.310  5626  5648 W Settings: Setting always_finish_activities has moved from android.provider.Settings.System to android.provider.Settings.Global, returning read-only value.
08-13 16:02:05.317   524   554 D EventSequenceValidator: Transition from ACTIVITY_FINISHED to INTENT_STARTED
08-13 16:02:05.333   524  1031 W InputReader: Device virtio_input_multi_touch_10 is associated with display ADISPLAY_ID_NONE.
08-13 16:02:05.333   524  1031 W InputReader: Device virtio_input_multi_touch_4 is associated with display ADISPLAY_ID_NONE.
08-13 16:02:05.333   524  1031 W InputReader: Device virtio_input_multi_touch_11 is associated with display ADISPLAY_ID_NONE.
08-13 16:02:05.333   524  1031 W InputReader: Device virtio_input_multi_touch_5 is associated with display ADISPLAY_ID_NONE.
08-13 16:02:05.333   524  1031 W InputReader: Device virtio_input_multi_touch_2 is associated with display ADISPLAY_ID_NONE.
08-13 16:02:05.333   524  1031 W InputReader: Device virtio_input_multi_touch_6 is associated with display ADISPLAY_ID_NONE.
08-13 16:02:05.333   524  1031 W InputReader: Device virtio_input_multi_touch_3 is associated with display ADISPLAY_ID_NONE.
08-13 16:02:05.333   524  1031 W InputReader: Device virtio_input_multi_touch_8 is associated with display ADISPLAY_ID_NONE.
08-13 16:02:05.333   524  1031 W InputReader: Device virtio_input_multi_touch_9 is associated with display ADISPLAY_ID_NONE.
08-13 16:02:05.333   524  1031 W InputReader: Device virtio_input_multi_touch_7 is associated with display ADISPLAY_ID_NONE.
08-13 16:02:05.334   524  1031 W InputReader: Device virtio_input_multi_touch_10 is associated with display ADISPLAY_ID_NONE.
08-13 16:02:05.334   524  1031 W InputReader: Device virtio_input_multi_touch_4 is associated with display ADISPLAY_ID_NONE.
08-13 16:02:05.334   524  1031 W InputReader: Device virtio_input_multi_touch_11 is associated with display ADISPLAY_ID_NONE.
08-13 16:02:05.334   524  1031 W InputReader: Device virtio_input_multi_touch_5 is associated with display ADISPLAY_ID_NONE.
08-13 16:02:05.334   524  1031 W InputReader: Device virtio_input_multi_touch_2 is associated with display ADISPLAY_ID_NONE.
08-13 16:02:05.334   524  1031 W InputReader: Device virtio_input_multi_touch_6 is associated with display ADISPLAY_ID_NONE.
08-13 16:02:05.334   524  1031 W InputReader: Device virtio_input_multi_touch_3 is associated with display ADISPLAY_ID_NONE.
08-13 16:02:05.334   524  1031 W InputReader: Device virtio_input_multi_touch_8 is associated with display ADISPLAY_ID_NONE.
08-13 16:02:05.334   524  1031 W InputReader: Device virtio_input_multi_touch_9 is associated with display ADISPLAY_ID_NONE.
08-13 16:02:05.334   524  1031 W InputReader: Device virtio_input_multi_touch_7 is associated with display ADISPLAY_ID_NONE.
08-13 16:02:05.345   524   554 D EventSequenceValidator: Transition from INTENT_STARTED to ACTIVITY_LAUNCHED
08-13 16:02:05.345   403   403 I perfetto: ing_service_impl.cc:758 Configured tracing session 38, #sources:1, duration:5000 ms, #buffers:1, total buffer size:4096 KB, total sessions:2, uid:1071 session name: ""
08-13 16:02:05.348   401   401 I perfetto: probes_producer.cc:230  Ftrace setup (target_buf=38)
08-13 16:02:05.355  5626  5626 D LifecycleMonitor: Lifecycle status change: androidx.test.core.app.InstrumentationActivityInvoker$BootstrapActivity@b451d04 in: PRE_ON_CREATE
08-13 16:02:05.356  5626  5626 V ActivityScenario: Activity lifecycle changed event received but ignored because the intent does not match. startActivityIntent=Intent { act=android.intent.action.MAIN cat=[android.intent.category.LAUNCHER] cmp=com.example.lunchtray/androidx.fragment.app.testing.FragmentScenario$EmptyFragmentActivity (has extras) }, activity.getIntent()=Intent { act=android.intent.action.MAIN cat=[android.intent.category.LAUNCHER] flg=0x10008000 cmp=com.example.lunchtray/androidx.test.core.app.InstrumentationActivityInvoker$BootstrapActivity (has extras) }, activity=androidx.test.core.app.InstrumentationActivityInvoker$BootstrapActivity@b451d04
08-13 16:02:05.356  5626  5626 V ActivityScenario: Activity lifecycle changed event received but ignored because the intent does not match. startActivityIntent=Intent { act=android.intent.action.MAIN cat=[android.intent.category.LAUNCHER] cmp=com.example.lunchtray/.MainActivity }, activity.getIntent()=Intent { act=android.intent.action.MAIN cat=[android.intent.category.LAUNCHER] flg=0x10008000 cmp=com.example.lunchtray/androidx.test.core.app.InstrumentationActivityInvoker$BootstrapActivity (has extras) }, activity=androidx.test.core.app.InstrumentationActivityInvoker$BootstrapActivity@b451d04
08-13 16:02:05.358  5626  5626 V ActivityScenario: Activity lifecycle changed event received but ignored because the intent does not match. startActivityIntent=Intent { act=android.intent.action.MAIN cat=[android.intent.category.LAUNCHER] cmp=com.example.lunchtray/.MainActivity }, activity.getIntent()=Intent { act=android.intent.action.MAIN cat=[android.intent.category.LAUNCHER] flg=0x10008000 cmp=com.example.lunchtray/androidx.test.core.app.InstrumentationActivityInvoker$BootstrapActivity (has extras) }, activity=androidx.test.core.app.InstrumentationActivityInvoker$BootstrapActivity@b451d04
08-13 16:02:05.365   311   351 D goldfish-address-space: claimShared: Ask to claim region [0x3f5348000 0x3f5cec000]
08-13 16:02:05.384  5626  5626 D LifecycleMonitor: Lifecycle status change: androidx.test.core.app.InstrumentationActivityInvoker$BootstrapActivity@b451d04 in: CREATED
08-13 16:02:05.385  5626  5626 V ActivityScenario: Activity lifecycle changed event received but ignored because the intent does not match. startActivityIntent=Intent { act=android.intent.action.MAIN cat=[android.intent.category.LAUNCHER] cmp=com.example.lunchtray/androidx.fragment.app.testing.FragmentScenario$EmptyFragmentActivity (has extras) }, activity.getIntent()=Intent { act=android.intent.action.MAIN cat=[android.intent.category.LAUNCHER] flg=0x10008000 cmp=com.example.lunchtray/androidx.test.core.app.InstrumentationActivityInvoker$BootstrapActivity (has extras) }, activity=androidx.test.core.app.InstrumentationActivityInvoker$BootstrapActivity@b451d04
08-13 16:02:05.385  5626  5626 V ActivityScenario: Activity lifecycle changed event received but ignored because the intent does not match. startActivityIntent=Intent { act=android.intent.action.MAIN cat=[android.intent.category.LAUNCHER] cmp=com.example.lunchtray/.MainActivity }, activity.getIntent()=Intent { act=android.intent.action.MAIN cat=[android.intent.category.LAUNCHER] flg=0x10008000 cmp=com.example.lunchtray/androidx.test.core.app.InstrumentationActivityInvoker$BootstrapActivity (has extras) }, activity=androidx.test.core.app.InstrumentationActivityInvoker$BootstrapActivity@b451d04
08-13 16:02:05.385  5626  5626 V ActivityScenario: Activity lifecycle changed event received but ignored because the intent does not match. startActivityIntent=Intent { act=android.intent.action.MAIN cat=[android.intent.category.LAUNCHER] cmp=com.example.lunchtray/.MainActivity }, activity.getIntent()=Intent { act=android.intent.action.MAIN cat=[android.intent.category.LAUNCHER] flg=0x10008000 cmp=com.example.lunchtray/androidx.test.core.app.InstrumentationActivityInvoker$BootstrapActivity (has extras) }, activity=androidx.test.core.app.InstrumentationActivityInvoker$BootstrapActivity@b451d04
08-13 16:02:05.396  5626  5626 D LifecycleMonitor: Lifecycle status change: androidx.test.core.app.InstrumentationActivityInvoker$BootstrapActivity@b451d04 in: STARTED
08-13 16:02:05.396  5626  5626 V ActivityScenario: Activity lifecycle changed event received but ignored because the intent does not match. startActivityIntent=Intent { act=android.intent.action.MAIN cat=[android.intent.category.LAUNCHER] cmp=com.example.lunchtray/androidx.fragment.app.testing.FragmentScenario$EmptyFragmentActivity (has extras) }, activity.getIntent()=Intent { act=android.intent.action.MAIN cat=[android.intent.category.LAUNCHER] flg=0x10008000 cmp=com.example.lunchtray/androidx.test.core.app.InstrumentationActivityInvoker$BootstrapActivity (has extras) }, activity=androidx.test.core.app.InstrumentationActivityInvoker$BootstrapActivity@b451d04
08-13 16:02:05.396  5626  5626 V ActivityScenario: Activity lifecycle changed event received but ignored because the intent does not match. startActivityIntent=Intent { act=android.intent.action.MAIN cat=[android.intent.category.LAUNCHER] cmp=com.example.lunchtray/.MainActivity }, activity.getIntent()=Intent { act=android.intent.action.MAIN cat=[android.intent.category.LAUNCHER] flg=0x10008000 cmp=com.example.lunchtray/androidx.test.core.app.InstrumentationActivityInvoker$BootstrapActivity (has extras) }, activity=androidx.test.core.app.InstrumentationActivityInvoker$BootstrapActivity@b451d04
08-13 16:02:05.397  5626  5626 V ActivityScenario: Activity lifecycle changed event received but ignored because the intent does not match. startActivityIntent=Intent { act=android.intent.action.MAIN cat=[android.intent.category.LAUNCHER] cmp=com.example.lunchtray/.MainActivity }, activity.getIntent()=Intent { act=android.intent.action.MAIN cat=[android.intent.category.LAUNCHER] flg=0x10008000 cmp=com.example.lunchtray/androidx.test.core.app.InstrumentationActivityInvoker$BootstrapActivity (has extras) }, activity=androidx.test.core.app.InstrumentationActivityInvoker$BootstrapActivity@b451d04
08-13 16:02:05.411  5626  5626 D LifecycleMonitor: Lifecycle status change: androidx.test.core.app.InstrumentationActivityInvoker$BootstrapActivity@b451d04 in: RESUMED
08-13 16:02:05.412  5626  5626 V ActivityScenario: Activity lifecycle changed event received but ignored because the intent does not match. startActivityIntent=Intent { act=android.intent.action.MAIN cat=[android.intent.category.LAUNCHER] cmp=com.example.lunchtray/androidx.fragment.app.testing.FragmentScenario$EmptyFragmentActivity (has extras) }, activity.getIntent()=Intent { act=android.intent.action.MAIN cat=[android.intent.category.LAUNCHER] flg=0x10008000 cmp=com.example.lunchtray/androidx.test.core.app.InstrumentationActivityInvoker$BootstrapActivity (has extras) }, activity=androidx.test.core.app.InstrumentationActivityInvoker$BootstrapActivity@b451d04
08-13 16:02:05.414  5626  5626 V ActivityScenario: Activity lifecycle changed event received but ignored because the intent does not match. startActivityIntent=Intent { act=android.intent.action.MAIN cat=[android.intent.category.LAUNCHER] cmp=com.example.lunchtray/.MainActivity }, activity.getIntent()=Intent { act=android.intent.action.MAIN cat=[android.intent.category.LAUNCHER] flg=0x10008000 cmp=com.example.lunchtray/androidx.test.core.app.InstrumentationActivityInvoker$BootstrapActivity (has extras) }, activity=androidx.test.core.app.InstrumentationActivityInvoker$BootstrapActivity@b451d04
08-13 16:02:05.415  5626  5626 V ActivityScenario: Activity lifecycle changed event received but ignored because the intent does not match. startActivityIntent=Intent { act=android.intent.action.MAIN cat=[android.intent.category.LAUNCHER] cmp=com.example.lunchtray/.MainActivity }, activity.getIntent()=Intent { act=android.intent.action.MAIN cat=[android.intent.category.LAUNCHER] flg=0x10008000 cmp=com.example.lunchtray/androidx.test.core.app.InstrumentationActivityInvoker$BootstrapActivity (has extras) }, activity=androidx.test.core.app.InstrumentationActivityInvoker$BootstrapActivity@b451d04
08-13 16:02:05.417  5626  5626 D LifecycleMonitor: Lifecycle status change: androidx.test.core.app.InstrumentationActivityInvoker$BootstrapActivity@b451d04 in: PAUSED
08-13 16:02:05.417  5626  5626 V ActivityScenario: Activity lifecycle changed event received but ignored because the intent does not match. startActivityIntent=Intent { act=android.intent.action.MAIN cat=[android.intent.category.LAUNCHER] cmp=com.example.lunchtray/androidx.fragment.app.testing.FragmentScenario$EmptyFragmentActivity (has extras) }, activity.getIntent()=Intent { act=android.intent.action.MAIN cat=[android.intent.category.LAUNCHER] flg=0x10008000 cmp=com.example.lunchtray/androidx.test.core.app.InstrumentationActivityInvoker$BootstrapActivity (has extras) }, activity=androidx.test.core.app.InstrumentationActivityInvoker$BootstrapActivity@b451d04
08-13 16:02:05.418  5626  5626 V ActivityScenario: Activity lifecycle changed event received but ignored because the intent does not match. startActivityIntent=Intent { act=android.intent.action.MAIN cat=[android.intent.category.LAUNCHER] cmp=com.example.lunchtray/.MainActivity }, activity.getIntent()=Intent { act=android.intent.action.MAIN cat=[android.intent.category.LAUNCHER] flg=0x10008000 cmp=com.example.lunchtray/androidx.test.core.app.InstrumentationActivityInvoker$BootstrapActivity (has extras) }, activity=androidx.test.core.app.InstrumentationActivityInvoker$BootstrapActivity@b451d04
08-13 16:02:05.418  5626  5626 V ActivityScenario: Activity lifecycle changed event received but ignored because the intent does not match. startActivityIntent=Intent { act=android.intent.action.MAIN cat=[android.intent.category.LAUNCHER] cmp=com.example.lunchtray/.MainActivity }, activity.getIntent()=Intent { act=android.intent.action.MAIN cat=[android.intent.category.LAUNCHER] flg=0x10008000 cmp=com.example.lunchtray/androidx.test.core.app.InstrumentationActivityInvoker$BootstrapActivity (has extras) }, activity=androidx.test.core.app.InstrumentationActivityInvoker$BootstrapActivity@b451d04
08-13 16:02:05.419   524  2838 W InputReader: Device virtio_input_multi_touch_10 is associated with display ADISPLAY_ID_NONE.
08-13 16:02:05.419   524  2838 W InputReader: Device virtio_input_multi_touch_4 is associated with display ADISPLAY_ID_NONE.
08-13 16:02:05.419   524  2838 W InputReader: Device virtio_input_multi_touch_11 is associated with display ADISPLAY_ID_NONE.
08-13 16:02:05.419   524  2838 W InputReader: Device virtio_input_multi_touch_5 is associated with display ADISPLAY_ID_NONE.
08-13 16:02:05.419   524  2838 W InputReader: Device virtio_input_multi_touch_2 is associated with display ADISPLAY_ID_NONE.
08-13 16:02:05.419   524  2838 W InputReader: Device virtio_input_multi_touch_6 is associated with display ADISPLAY_ID_NONE.
08-13 16:02:05.419   524  2838 W InputReader: Device virtio_input_multi_touch_3 is associated with display ADISPLAY_ID_NONE.
08-13 16:02:05.419   524  2838 W InputReader: Device virtio_input_multi_touch_8 is associated with display ADISPLAY_ID_NONE.
08-13 16:02:05.419   524  2838 W InputReader: Device virtio_input_multi_touch_9 is associated with display ADISPLAY_ID_NONE.
08-13 16:02:05.419   524  2838 W InputReader: Device virtio_input_multi_touch_7 is associated with display ADISPLAY_ID_NONE.
08-13 16:02:05.419   524  2838 W InputReader: Device virtio_input_multi_touch_10 is associated with display ADISPLAY_ID_NONE.
08-13 16:02:05.420   524  2838 W InputReader: Device virtio_input_multi_touch_4 is associated with display ADISPLAY_ID_NONE.
08-13 16:02:05.420   524  2838 W InputReader: Device virtio_input_multi_touch_11 is associated with display ADISPLAY_ID_NONE.
08-13 16:02:05.420   524  2838 W InputReader: Device virtio_input_multi_touch_5 is associated with display ADISPLAY_ID_NONE.
08-13 16:02:05.420   524  2838 W InputReader: Device virtio_input_multi_touch_2 is associated with display ADISPLAY_ID_NONE.
08-13 16:02:05.420   524  2838 W InputReader: Device virtio_input_multi_touch_6 is associated with display ADISPLAY_ID_NONE.
08-13 16:02:05.420   524  2838 W InputReader: Device virtio_input_multi_touch_3 is associated with display ADISPLAY_ID_NONE.
08-13 16:02:05.420   524  2838 W InputReader: Device virtio_input_multi_touch_8 is associated with display ADISPLAY_ID_NONE.
08-13 16:02:05.420   524  2838 W InputReader: Device virtio_input_multi_touch_9 is associated with display ADISPLAY_ID_NONE.
08-13 16:02:05.420   524  2838 W InputReader: Device virtio_input_multi_touch_7 is associated with display ADISPLAY_ID_NONE.
08-13 16:02:05.440  5626  5626 D LifecycleMonitor: Lifecycle status change: com.example.lunchtray.MainActivity@a4b16e in: PRE_ON_CREATE
08-13 16:02:05.441  5626  5626 V ActivityScenario: Activity lifecycle changed event received but ignored because the intent does not match. startActivityIntent=Intent { act=android.intent.action.MAIN cat=[android.intent.category.LAUNCHER] cmp=com.example.lunchtray/androidx.fragment.app.testing.FragmentScenario$EmptyFragmentActivity (has extras) }, activity.getIntent()=Intent { act=android.intent.action.MAIN cat=[android.intent.category.LAUNCHER] cmp=com.example.lunchtray/.MainActivity }, activity=com.example.lunchtray.MainActivity@a4b16e
08-13 16:02:05.441  5626  5626 V ActivityScenario: Activity lifecycle changed event received but ignored because the reported transition was not ON_CREATE while the last known transition was DESTROYED
08-13 16:02:05.441  5626  5626 V ActivityScenario: Activity lifecycle changed event received but ignored because the reported transition was not ON_CREATE while the last known transition was PRE_ON_CREATE
08-13 16:02:05.484  5626  5626 D LifecycleMonitor: Lifecycle status change: com.example.lunchtray.MainActivity@a4b16e in: CREATED
08-13 16:02:05.484  5626  5626 V ActivityScenario: Activity lifecycle changed event received but ignored because the intent does not match. startActivityIntent=Intent { act=android.intent.action.MAIN cat=[android.intent.category.LAUNCHER] cmp=com.example.lunchtray/androidx.fragment.app.testing.FragmentScenario$EmptyFragmentActivity (has extras) }, activity.getIntent()=Intent { act=android.intent.action.MAIN cat=[android.intent.category.LAUNCHER] cmp=com.example.lunchtray/.MainActivity }, activity=com.example.lunchtray.MainActivity@a4b16e
08-13 16:02:05.484  5626  5626 V ActivityScenario: Update currentActivityStage to CREATED, currentActivity=com.example.lunchtray.MainActivity@a4b16e
08-13 16:02:05.485  5626  5626 V ActivityScenario: Update currentActivityStage to CREATED, currentActivity=com.example.lunchtray.MainActivity@a4b16e
08-13 16:02:05.501  5626  5626 D LifecycleMonitor: Lifecycle status change: com.example.lunchtray.MainActivity@a4b16e in: STARTED
08-13 16:02:05.501  5626  5626 V ActivityScenario: Activity lifecycle changed event received but ignored because the intent does not match. startActivityIntent=Intent { act=android.intent.action.MAIN cat=[android.intent.category.LAUNCHER] cmp=com.example.lunchtray/androidx.fragment.app.testing.FragmentScenario$EmptyFragmentActivity (has extras) }, activity.getIntent()=Intent { act=android.intent.action.MAIN cat=[android.intent.category.LAUNCHER] cmp=com.example.lunchtray/.MainActivity }, activity=com.example.lunchtray.MainActivity@a4b16e
08-13 16:02:05.501  5626  5626 V ActivityScenario: Update currentActivityStage to STARTED, currentActivity=com.example.lunchtray.MainActivity@a4b16e
08-13 16:02:05.501  5626  5626 V ActivityScenario: Update currentActivityStage to STARTED, currentActivity=com.example.lunchtray.MainActivity@a4b16e
08-13 16:02:05.505  5626  5626 D LifecycleMonitor: Lifecycle status change: com.example.lunchtray.MainActivity@a4b16e in: RESUMED
08-13 16:02:05.505  5626  5626 V ActivityScenario: Activity lifecycle changed event received but ignored because the intent does not match. startActivityIntent=Intent { act=android.intent.action.MAIN cat=[android.intent.category.LAUNCHER] cmp=com.example.lunchtray/androidx.fragment.app.testing.FragmentScenario$EmptyFragmentActivity (has extras) }, activity.getIntent()=Intent { act=android.intent.action.MAIN cat=[android.intent.category.LAUNCHER] cmp=com.example.lunchtray/.MainActivity }, activity=com.example.lunchtray.MainActivity@a4b16e
08-13 16:02:05.505  5626  5626 V ActivityScenario: Update currentActivityStage to RESUMED, currentActivity=com.example.lunchtray.MainActivity@a4b16e
08-13 16:02:05.505  5626  5626 V ActivityScenario: Update currentActivityStage to RESUMED, currentActivity=com.example.lunchtray.MainActivity@a4b16e
08-13 16:02:05.565   311   351 D goldfish-address-space: claimShared: Ask to claim region [0x3f6690000 0x3f7034000]
08-13 16:02:05.633   311   351 D goldfish-address-space: claimShared: Ask to claim region [0x3f8000000 0x3f89a4000]
08-13 16:02:05.656   311   351 D goldfish-address-space: claimShared: Ask to claim region [0x3f9348000 0x3f9cec000]
08-13 16:02:05.716   401   401 I perfetto: probes_producer.cc:329  Producer stop (id=37)
08-13 16:02:05.719   403   403 I perfetto: ng_service_impl.cc:1948 Tracing session 37 ended, total sessions:1
08-13 16:02:05.743   524   559 D ArtManagerInternalImpl: /data/misc/iorapd/com.example.lunchtray/1/com.example.lunchtray.MainActivity/compiled_traces/compiled_trace.pb doesn't exist
08-13 16:02:05.747   524   554 D EventSequenceValidator: Transition from ACTIVITY_LAUNCHED to ACTIVITY_FINISHED
08-13 16:02:05.747   311   351 D goldfish-address-space: claimShared: Ask to claim region [0x3fc9a4000 0x3fd348000]
08-13 16:02:05.758   524   559 I ActivityTaskManager: Displayed com.example.lunchtray/.MainActivity: +424ms
08-13 16:02:05.805  5626  5626 I ViewInteraction: Performing 'single click' action on view view.getId() is <2131231208/com.example.lunchtray:id/start_order_btn>
08-13 16:02:05.858   524   534 I system_server: NativeAlloc concurrent copying GC freed 159786(8133KB) AllocSpace objects, 31(1708KB) LOS objects, 49% free, 13MB/26MB, paused 134us total 1.168s
08-13 16:02:05.867  5626  5626 D LifecycleMonitor: Lifecycle status change: androidx.test.core.app.InstrumentationActivityInvoker$BootstrapActivity@b451d04 in: STOPPED
08-13 16:02:05.867  5626  5626 V ActivityScenario: Activity lifecycle changed event received but ignored because the intent does not match. startActivityIntent=Intent { act=android.intent.action.MAIN cat=[android.intent.category.LAUNCHER] cmp=com.example.lunchtray/androidx.fragment.app.testing.FragmentScenario$EmptyFragmentActivity (has extras) }, activity.getIntent()=Intent { act=android.intent.action.MAIN cat=[android.intent.category.LAUNCHER] flg=0x10008000 cmp=com.example.lunchtray/androidx.test.core.app.InstrumentationActivityInvoker$BootstrapActivity (has extras) }, activity=androidx.test.core.app.InstrumentationActivityInvoker$BootstrapActivity@b451d04
08-13 16:02:05.870  5626  5626 V ActivityScenario: Activity lifecycle changed event received but ignored because the intent does not match. startActivityIntent=Intent { act=android.intent.action.MAIN cat=[android.intent.category.LAUNCHER] cmp=com.example.lunchtray/.MainActivity }, activity.getIntent()=Intent { act=android.intent.action.MAIN cat=[android.intent.category.LAUNCHER] flg=0x10008000 cmp=com.example.lunchtray/androidx.test.core.app.InstrumentationActivityInvoker$BootstrapActivity (has extras) }, activity=androidx.test.core.app.InstrumentationActivityInvoker$BootstrapActivity@b451d04
08-13 16:02:05.871  5626  5626 V ActivityScenario: Activity lifecycle changed event received but ignored because the intent does not match. startActivityIntent=Intent { act=android.intent.action.MAIN cat=[android.intent.category.LAUNCHER] cmp=com.example.lunchtray/.MainActivity }, activity.getIntent()=Intent { act=android.intent.action.MAIN cat=[android.intent.category.LAUNCHER] flg=0x10008000 cmp=com.example.lunchtray/androidx.test.core.app.InstrumentationActivityInvoker$BootstrapActivity (has extras) }, activity=androidx.test.core.app.InstrumentationActivityInvoker$BootstrapActivity@b451d04
08-13 16:02:05.919   524  1293 I system_server: oneway function results will be dropped but finished with status OK and parcel size 4
08-13 16:02:06.036   524  1293 I system_server: oneway function results will be dropped but finished with status OK and parcel size 4
08-13 16:02:06.417  5626  5626 I ViewInteraction: Performing 'single click' action on view view.getId() is <2131230844/com.example.lunchtray:id/cauliflower>
08-13 16:02:06.496   524   829 I system_server: oneway function results will be dropped but finished with status OK and parcel size 4
08-13 16:02:06.633   524  2838 I system_server: oneway function results will be dropped but finished with status OK and parcel size 4
08-13 16:02:06.796  5626  5626 I ViewInteraction: Performing 'single click' action on view view.getId() is <2131231081/com.example.lunchtray:id/next_button>
08-13 16:02:06.878   524  2838 I system_server: oneway function results will be dropped but finished with status OK and parcel size 4
08-13 16:02:06.926   386   463 D AudioFlinger: mixer(0xeea25030) throttle end: throttle time(48)
08-13 16:02:06.966   524  2838 I system_server: oneway function results will be dropped but finished with status OK and parcel size 4
08-13 16:02:07.152  5626  5626 I ViewInteraction: Performing 'single click' action on view view.getId() is <2131231138/com.example.lunchtray:id/salad>
08-13 16:02:07.210   524  1293 I system_server: oneway function results will be dropped but finished with status OK and parcel size 4
08-13 16:02:07.342   524   829 I system_server: oneway function results will be dropped but finished with status OK and parcel size 4
08-13 16:02:07.460  5626  5626 I ViewInteraction: Checking 'MatchesViewAssertion{viewMatcher=an instance of android.widget.TextView and view.getText() with or without transformation to match: a string containing "Subtotal: $9.50"}' assertion on view view.getId() is <2131231217/com.example.lunchtray:id/subtotal>
08-13 16:02:07.462  5626  5626 I ViewInteraction: Performing 'single click' action on view view.getId() is <2131231081/com.example.lunchtray:id/next_button>
08-13 16:02:07.524   524   829 I system_server: oneway function results will be dropped but finished with status OK and parcel size 4
08-13 16:02:07.651   524   829 I system_server: oneway function results will be dropped but finished with status OK and parcel size 4
08-13 16:02:07.788  5626  5626 I ViewInteraction: Performing 'single click' action on view view.getId() is <2131230835/com.example.lunchtray:id/bread>
08-13 16:02:07.849   524   829 I system_server: oneway function results will be dropped but finished with status OK and parcel size 4
08-13 16:02:07.982   524   829 I system_server: oneway function results will be dropped but finished with status OK and parcel size 4
08-13 16:02:08.094  5626  5626 I ViewInteraction: Checking 'MatchesViewAssertion{viewMatcher=an instance of android.widget.TextView and view.getText() with or without transformation to match: a string containing "Subtotal: $10.00"}' assertion on view view.getId() is <2131231217/com.example.lunchtray:id/subtotal>
08-13 16:02:08.096  5626  5626 I ViewInteraction: Performing 'single click' action on view view.getId() is <2131231081/com.example.lunchtray:id/next_button>
08-13 16:02:08.161   524  1293 I system_server: oneway function results will be dropped but finished with status OK and parcel size 4
08-13 16:02:08.291   524  1293 I system_server: oneway function results will be dropped but finished with status OK and parcel size 4
08-13 16:02:08.450  5626  5626 I ViewInteraction: Checking 'MatchesViewAssertion{viewMatcher=an instance of android.widget.TextView and view.getText() with or without transformation to match: a string containing "Subtotal: $10.00"}' assertion on view view.getId() is <2131231217/com.example.lunchtray:id/subtotal>
08-13 16:02:08.461  5626  5648 E TestRunner: failed: subtotal_updates_in_full_order_flow(com.example.lunchtray.OrderFunctionalityTests)
08-13 16:02:08.461  5626  5648 E TestRunner: ----- begin exception -----
08-13 16:02:08.469  5626  5648 E TestRunner: androidx.test.espresso.base.DefaultFailureHandler$AssertionFailedWithCauseError: 'an instance of android.widget.TextView and view.getText() with or without transformation to match: a string containing "Subtotal: $10.00"' doesn't match the selected view.
08-13 16:02:08.469  5626  5648 E TestRunner: Expected: an instance of android.widget.TextView and view.getText() with or without transformation to match: a string containing "Subtotal: $10.00"
08-13 16:02:08.469  5626  5648 E TestRunner:      Got: view.getText() was "$10.00" transformed text was "$10.00"
08-13 16:02:08.469  5626  5648 E TestRunner: View Details: MaterialTextView{id=2131231217, res-name=subtotal, visibility=VISIBLE, width=156, height=67, has-focus=false, has-focusable=false, has-window-focus=true, is-clickable=false, is-enabled=true, is-focused=false, is-focusable=false, is-layout-requested=false, is-selected=false, layout-params=androidx.constraintlayout.widget.ConstraintLayout$LayoutParams@7730e18, tag=null, root-is-layout-requested=false, has-input-connection=false, x=880.0, y=382.0, text=$10.00, input-type=0, ime-target=false, has-links=false}
08-13 16:02:08.469  5626  5648 E TestRunner:
08-13 16:02:08.469  5626  5648 E TestRunner: 	at dalvik.system.VMStack.getThreadStackTrace(Native Method)
08-13 16:02:08.469  5626  5648 E TestRunner: 	at java.lang.Thread.getStackTrace(Thread.java:1736)
08-13 16:02:08.469  5626  5648 E TestRunner: 	at androidx.test.espresso.base.DefaultFailureHandler.getUserFriendlyError(DefaultFailureHandler.java:12)
08-13 16:02:08.469  5626  5648 E TestRunner: 	at androidx.test.espresso.base.DefaultFailureHandler.handle(DefaultFailureHandler.java:7)
08-13 16:02:08.469  5626  5648 E TestRunner: 	at androidx.test.espresso.ViewInteraction.waitForAndHandleInteractionResults(ViewInteraction.java:5)
08-13 16:02:08.469  5626  5648 E TestRunner: 	at androidx.test.espresso.ViewInteraction.check(ViewInteraction.java:12)
08-13 16:02:08.469  5626  5648 E TestRunner: 	at com.example.lunchtray.OrderFunctionalityTests.subtotal_updates_in_full_order_flow(OrderFunctionalityTests.kt:160)
08-13 16:02:08.469  5626  5648 E TestRunner: 	at java.lang.reflect.Method.invoke(Native Method)
08-13 16:02:08.469  5626  5648 E TestRunner: 	at org.junit.runners.model.FrameworkMethod$1.runReflectiveCall(FrameworkMethod.java:50)
08-13 16:02:08.469  5626  5648 E TestRunner: 	at org.junit.internal.runners.model.ReflectiveCallable.run(ReflectiveCallable.java:12)
08-13 16:02:08.469  5626  5648 E TestRunner: 	at org.junit.runners.model.FrameworkMethod.invokeExplosively(FrameworkMethod.java:47)
08-13 16:02:08.469  5626  5648 E TestRunner: 	at org.junit.internal.runners.statements.InvokeMethod.evaluate(InvokeMethod.java:17)
08-13 16:02:08.469  5626  5648 E TestRunner: 	at org.junit.runners.ParentRunner.runLeaf(ParentRunner.java:325)
08-13 16:02:08.469  5626  5648 E TestRunner: 	at org.junit.runners.BlockJUnit4ClassRunner.runChild(BlockJUnit4ClassRunner.java:78)
08-13 16:02:08.469  5626  5648 E TestRunner: 	at org.junit.runners.BlockJUnit4ClassRunner.runChild(BlockJUnit4ClassRunner.java:57)
08-13 16:02:08.469  5626  5648 E TestRunner: 	at org.junit.runners.ParentRunner$3.run(ParentRunner.java:290)
08-13 16:02:08.469  5626  5648 E TestRunner: 	at org.junit.runners.ParentRunner$1.schedule(ParentRunner.java:71)
08-13 16:02:08.469  5626  5648 E TestRunner: 	at org.junit.runners.ParentRunner.runChildren(ParentRunner.java:288)
08-13 16:02:08.469  5626  5648 E TestRunner: 	at org.junit.runners.ParentRunner.access$000(ParentRunner.java:58)
08-13 16:02:08.469  5626  5648 E TestRunner: 	at org.junit.runners.ParentRunner$2.evaluate(ParentRunner.java:268)
08-13 16:02:08.469  5626  5648 E TestRunner: 	at org.junit.runners.ParentRunner.run(ParentRunner.java:363)
08-13 16:02:08.469  5626  5648 E TestRunner: 	at androidx.test.ext.junit.runners.AndroidJUnit4.run(AndroidJUnit4.java:162)
08-13 16:02:08.469  5626  5648 E TestRunner: 	at org.junit.runners.Suite.runChild(Suite.java:128)
08-13 16:02:08.469  5626  5648 E TestRunner: 	at org.junit.runners.Suite.runChild(Suite.java:27)
08-13 16:02:08.469  5626  5648 E TestRunner: 	at org.junit.runners.ParentRunner$3.run(ParentRunner.java:290)
08-13 16:02:08.469  5626  5648 E TestRunner: 	at org.junit.runners.ParentRunner$1.schedule(ParentRunner.java:71)
08-13 16:02:08.469  5626  5648 E TestRunner: 	at org.junit.runners.ParentRunner.runChildren(ParentRunner.java:288)
08-13 16:02:08.469  5626  5648 E TestRunner: 	at org.junit.runners.ParentRunner.access$000(ParentRunner.java:58)
08-13 16:02:08.469  5626  5648 E TestRunner: 	at org.junit.runners.ParentRunner$2.evaluate(ParentRunner.java:268)
08-13 16:02:08.469  5626  5648 E TestRunner: 	at org.junit.runners.ParentRunner.run(ParentRunner.java:363)
08-13 16:02:08.469  5626  5648 E TestRunner: 	at org.junit.runner.JUnitCore.run(JUnitCore.java:137)
08-13 16:02:08.469  5626  5648 E TestRunner: 	at org.junit.runner.JUnitCore.run(JUnitCore.java:115)
08-13 16:02:08.469  5626  5648 E TestRunner: 	at androidx.test.internal.runner.TestExecutor.execute(TestExecutor.java:56)
08-13 16:02:08.469  5626  5648 E TestRunner: 	at androidx.test.runner.AndroidJUnitRunner.onStart(AndroidJUnitRunner.java:444)
08-13 16:02:08.469  5626  5648 E TestRunner: 	at android.app.Instrumentation$InstrumentationThread.run(Instrumentation.java:2205)
08-13 16:02:08.469  5626  5648 E TestRunner: Caused by: junit.framework.AssertionFailedError: 'an instance of android.widget.TextView and view.getText() with or without transformation to match: a string containing "Subtotal: $10.00"' doesn't match the selected view.
08-13 16:02:08.469  5626  5648 E TestRunner: Expected: an instance of android.widget.TextView and view.getText() with or without transformation to match: a string containing "Subtotal: $10.00"
08-13 16:02:08.469  5626  5648 E TestRunner:      Got: view.getText() was "$10.00" transformed text was "$10.00"
08-13 16:02:08.470  5626  5648 E TestRunner: View Details: MaterialTextView{id=2131231217, res-name=subtotal, visibility=VISIBLE, width=156, height=67, has-focus=false, has-focusable=false, has-window-focus=true, is-clickable=false, is-enabled=true, is-focused=false, is-focusable=false, is-layout-requested=false, is-selected=false, layout-params=androidx.constraintlayout.widget.ConstraintLayout$LayoutParams@7730e18, tag=null, root-is-layout-requested=false, has-input-connection=false, x=880.0, y=382.0, text=$10.00, input-type=0, ime-target=false, has-links=false}
08-13 16:02:08.470  5626  5648 E TestRunner:
08-13 16:02:08.470  5626  5648 E TestRunner: 	at androidx.test.espresso.matcher.ViewMatchers.assertThat(ViewMatchers.java:16)
08-13 16:02:08.470  5626  5648 E TestRunner: 	at androidx.test.espresso.assertion.ViewAssertions$MatchesViewAssertion.check(ViewAssertions.java:11)
08-13 16:02:08.470  5626  5648 E TestRunner: 	at androidx.test.espresso.ViewInteraction$SingleExecutionViewAssertion.check(ViewInteraction.java:2)
08-13 16:02:08.470  5626  5648 E TestRunner: 	at androidx.test.espresso.ViewInteraction$2.call(ViewInteraction.java:12)
08-13 16:02:08.470  5626  5648 E TestRunner: 	at androidx.test.espresso.ViewInteraction$2.call(ViewInteraction.java:1)
08-13 16:02:08.470  5626  5648 E TestRunner: 	at java.util.concurrent.FutureTask.run(FutureTask.java:266)
08-13 16:02:08.470  5626  5648 E TestRunner: 	at android.os.Handler.handleCallback(Handler.java:938)
08-13 16:02:08.470  5626  5648 E TestRunner: 	at android.os.Handler.dispatchMessage(Handler.java:99)
08-13 16:02:08.470  5626  5648 E TestRunner: 	at android.os.Looper.loop(Looper.java:223)
08-13 16:02:08.470  5626  5648 E TestRunner: 	at android.app.ActivityThread.main(ActivityThread.java:7656)
08-13 16:02:08.470  5626  5648 E TestRunner: 	at java.lang.reflect.Method.invoke(Native Method)
08-13 16:02:08.470  5626  5648 E TestRunner: 	at com.android.internal.os.RuntimeInit$MethodAndArgsCaller.run(RuntimeInit.java:592)
08-13 16:02:08.470  5626  5648 E TestRunner: 	at com.android.internal.os.ZygoteInit.main(ZygoteInit.java:947)
08-13 16:02:08.470  5626  5648 E TestRunner: ----- end exception -----
08-13 16:02:08.478  5626  5648 I TestRunner: finished: subtotal_updates_in_full_order_flow(com.example.lunchtray.OrderFunctionalityTests)
